// Jest Snapshot v1, https://goo.gl/fbAQLP

exports[`Content objects Simple content object can be created and compiled 1`] = `
Object {
  "application/json": Object {
    "schema": Object {
      "examples": Array [
        "foo",
      ],
      "type": "string",
    },
  },
}
`;
